scripts/test_dm_flow.ts(6,10): error TS2724: '"@/lib/ai/customer/processor"' has no exported member named 'processInteraction'. Did you mean 'processInteractionV5'?
scripts/test_vector_search.ts(4,10): error TS2724: '"@/lib/ai/customer/processor"' has no exported member named 'processInteraction'. Did you mean 'processInteractionV5'?
src/app/api/webhook/[platform]/route.ts(7,10): error TS2724: '"@/lib/ai/customer/processor"' has no exported member named 'processInteraction'. Did you mean 'processInteractionV5'?
src/lib/ai/coach/agent.ts(7,31): error TS2307: Cannot find module '@/lib/utils/dates' or its corresponding type declarations.
src/lib/ai/customer/processor.ts(2,42): error TS2305: Module '"@/db/schema"' has no exported member 'feedbackQueue'.
src/lib/ai/customer/processor.ts(9,33): error TS2307: Cannot find module '../coach/ingestion' or its corresponding type declarations.
src/lib/ai/customer/processor.ts(10,49): error TS2307: Cannot find module '../coach/coach-processor-v4' or its corresponding type declarations.
src/lib/ai/customer/processor.ts(104,23): error TS2304: Cannot find name 'ilike'.
src/lib/ai/customer/processor.ts(104,57): error TS2304: Cannot find name 'ilike'.
src/lib/ai/customer/processor.ts(177,13): error TS2353: Object literal may only specify known properties, and 'returnConfidence' does not exist in type 'ChatParams'.
src/lib/ai/customer/processor.ts(181,33): error TS2339: Property 'confidence' does not exist on type 'ChatResult'.
src/lib/coach-actions.ts(7,10): error TS2724: '"@/lib/ai/coach/agent"' has no exported member named 'processCoachMessage'. Did you mean 'processCoachMessageV4'?
src/lib/webhook-actions.ts(7,10): error TS2724: '"@/lib/ai/customer/processor"' has no exported member named 'processInteraction'. Did you mean 'processInteractionV5'?
